// Jest Snapshot v1, https://goo.gl/fbAQLP

exports[`Divider Snapshot 1`] = `
<View
  style={
    Object {
      "backgroundColor": "#e2e2e2",
      "height": 0.5,
    }
  }
/>
`;
