// Jest Snapshot v1, https://goo.gl/fbAQLP

exports[`Row Snapshot 1`] = `
<View
  accessible={true}
  focusable={true}
  onClick={[Function]}
  onResponderGrant={[Function]}
  onResponderMove={[Function]}
  onResponderRelease={[Function]}
  onResponderTerminate={[Function]}
  onResponderTerminationRequest={[Function]}
  onStartShouldSetResponder={[Function]}
  style={
    Object {
      "alignItems": "center",
      "backgroundColor": "#fff",
      "flexDirection": "row",
      "justifyContent": "space-between",
      "opacity": 1,
      "paddingHorizontal": 20,
      "paddingVertical": 16,
    }
  }
>
  <Text
    style={
      Object {
        "color": "#343434",
        "fontSize": 16,
      }
    }
  >
    
  </Text>
</View>
`;
